#-----------------------------------------------------------
# Vivado v2023.1 (64-bit)
# SW Build 3865809 on Sun May  7 15:04:56 MDT 2023
# IP Build 3864474 on Sun May  7 20:36:21 MDT 2023
# SharedData Build 3865790 on Sun May 07 13:33:03 MDT 2023
# Start of session at: Wed May 29 21:36:00 2024
# Process ID: 100000
# Current directory: /home/gabriel/Desktop/go_workspace/vivado_projects/test1_MPSoC/test1_MPSoC.runs/synth_1
# Command line: vivado -log design_1_wrapper.vds -product Vivado -mode batch -messageDb vivado.pb -notrace -source design_1_wrapper.tcl
# Log file: /home/gabriel/Desktop/go_workspace/vivado_projects/test1_MPSoC/test1_MPSoC.runs/synth_1/design_1_wrapper.vds
# Journal file: /home/gabriel/Desktop/go_workspace/vivado_projects/test1_MPSoC/test1_MPSoC.runs/synth_1/vivado.jou
# Running On: agent-32, OS: Linux, CPU Frequency: 1200.000 MHz, CPU Physical cores: 32, Host memory: 135071 MB
#-----------------------------------------------------------
source design_1_wrapper.tcl -notrace
