#-----------------------------------------------------------
# Vivado v2023.1 (64-bit)
# SW Build 3865809 on Sun May  7 15:04:56 MDT 2023
# IP Build 3864474 on Sun May  7 20:36:21 MDT 2023
# SharedData Build 3865790 on Sun May 07 13:33:03 MDT 2023
# Start of session at: Wed Jul 10 13:12:03 2024
# Process ID: 85449
# Current directory: /home/gabriel/Desktop/go_workspace/github_repo/HPRC-PigasusXilinx/pigasus_xilinx/channel_fifo_service/channel_fifo_service.runs/synth_1
# Command line: vivado -log channel_fifo_service.vds -product Vivado -mode batch -messageDb vivado.pb -notrace -source channel_fifo_service.tcl
# Log file: /home/gabriel/Desktop/go_workspace/github_repo/HPRC-PigasusXilinx/pigasus_xilinx/channel_fifo_service/channel_fifo_service.runs/synth_1/channel_fifo_service.vds
# Journal file: /home/gabriel/Desktop/go_workspace/github_repo/HPRC-PigasusXilinx/pigasus_xilinx/channel_fifo_service/channel_fifo_service.runs/synth_1/vivado.jou
# Running On: agent-32, OS: Linux, CPU Frequency: 1200.000 MHz, CPU Physical cores: 32, Host memory: 135071 MB
#-----------------------------------------------------------
source channel_fifo_service.tcl -notrace
